Archive member included to satisfy reference by file (symbol)

d:/stm32_clion_tool/gcc-arm-none-eabi-10.3-2021.10-win32/gcc-arm-none-eabi-10.3-2021.10/bin/../lib/gcc/arm-none-eabi/10.3.1/../../../../arm-none-eabi/lib/thumb/v7-m/nofp\libg.a(lib_a-errno.o)
                              CMakeFiles/by2.0.elf.dir/Core/Src/syscalls.c.obj (__errno)
d:/stm32_clion_tool/gcc-arm-none-eabi-10.3-2021.10-win32/gcc-arm-none-eabi-10.3-2021.10/bin/../lib/gcc/arm-none-eabi/10.3.1/../../../../arm-none-eabi/lib/thumb/v7-m/nofp\libg.a(lib_a-exit.o)
                              d:/stm32_clion_tool/gcc-arm-none-eabi-10.3-2021.10-win32/gcc-arm-none-eabi-10.3-2021.10/bin/../lib/gcc/arm-none-eabi/10.3.1/../../../../arm-none-eabi/lib/thumb/v7-m/nofp/crt0.o (exit)
d:/stm32_clion_tool/gcc-arm-none-eabi-10.3-2021.10-win32/gcc-arm-none-eabi-10.3-2021.10/bin/../lib/gcc/arm-none-eabi/10.3.1/../../../../arm-none-eabi/lib/thumb/v7-m/nofp\libg.a(lib_a-impure.o)
                              d:/stm32_clion_tool/gcc-arm-none-eabi-10.3-2021.10-win32/gcc-arm-none-eabi-10.3-2021.10/bin/../lib/gcc/arm-none-eabi/10.3.1/../../../../arm-none-eabi/lib/thumb/v7-m/nofp\libg.a(lib_a-exit.o) (_global_impure_ptr)
d:/stm32_clion_tool/gcc-arm-none-eabi-10.3-2021.10-win32/gcc-arm-none-eabi-10.3-2021.10/bin/../lib/gcc/arm-none-eabi/10.3.1/../../../../arm-none-eabi/lib/thumb/v7-m/nofp\libg.a(lib_a-init.o)
                              d:/stm32_clion_tool/gcc-arm-none-eabi-10.3-2021.10-win32/gcc-arm-none-eabi-10.3-2021.10/bin/../lib/gcc/arm-none-eabi/10.3.1/../../../../arm-none-eabi/lib/thumb/v7-m/nofp/crt0.o (__libc_init_array)
d:/stm32_clion_tool/gcc-arm-none-eabi-10.3-2021.10-win32/gcc-arm-none-eabi-10.3-2021.10/bin/../lib/gcc/arm-none-eabi/10.3.1/../../../../arm-none-eabi/lib/thumb/v7-m/nofp\libg.a(lib_a-memset.o)
                              d:/stm32_clion_tool/gcc-arm-none-eabi-10.3-2021.10-win32/gcc-arm-none-eabi-10.3-2021.10/bin/../lib/gcc/arm-none-eabi/10.3.1/../../../../arm-none-eabi/lib/thumb/v7-m/nofp/crt0.o (memset)
d:/stm32_clion_tool/gcc-arm-none-eabi-10.3-2021.10-win32/gcc-arm-none-eabi-10.3-2021.10/bin/../lib/gcc/arm-none-eabi/10.3.1/../../../../arm-none-eabi/lib/thumb/v7-m/nofp\libg.a(lib_a-__call_atexit.o)
                              d:/stm32_clion_tool/gcc-arm-none-eabi-10.3-2021.10-win32/gcc-arm-none-eabi-10.3-2021.10/bin/../lib/gcc/arm-none-eabi/10.3.1/../../../../arm-none-eabi/lib/thumb/v7-m/nofp\libg.a(lib_a-exit.o) (__call_exitprocs)
d:/stm32_clion_tool/gcc-arm-none-eabi-10.3-2021.10-win32/gcc-arm-none-eabi-10.3-2021.10/bin/../lib/gcc/arm-none-eabi/10.3.1/../../../../arm-none-eabi/lib/thumb/v7-m/nofp\libg.a(lib_a-atexit.o)
                              d:/stm32_clion_tool/gcc-arm-none-eabi-10.3-2021.10-win32/gcc-arm-none-eabi-10.3-2021.10/bin/../lib/gcc/arm-none-eabi/10.3.1/../../../../arm-none-eabi/lib/thumb/v7-m/nofp\libg.a(lib_a-__call_atexit.o) (atexit)
d:/stm32_clion_tool/gcc-arm-none-eabi-10.3-2021.10-win32/gcc-arm-none-eabi-10.3-2021.10/bin/../lib/gcc/arm-none-eabi/10.3.1/../../../../arm-none-eabi/lib/thumb/v7-m/nofp\libg.a(lib_a-fini.o)
                              d:/stm32_clion_tool/gcc-arm-none-eabi-10.3-2021.10-win32/gcc-arm-none-eabi-10.3-2021.10/bin/../lib/gcc/arm-none-eabi/10.3.1/../../../../arm-none-eabi/lib/thumb/v7-m/nofp\libg.a(lib_a-__call_atexit.o) (__libc_fini_array)
d:/stm32_clion_tool/gcc-arm-none-eabi-10.3-2021.10-win32/gcc-arm-none-eabi-10.3-2021.10/bin/../lib/gcc/arm-none-eabi/10.3.1/../../../../arm-none-eabi/lib/thumb/v7-m/nofp\libg.a(lib_a-lock.o)
                              d:/stm32_clion_tool/gcc-arm-none-eabi-10.3-2021.10-win32/gcc-arm-none-eabi-10.3-2021.10/bin/../lib/gcc/arm-none-eabi/10.3.1/../../../../arm-none-eabi/lib/thumb/v7-m/nofp\libg.a(lib_a-__call_atexit.o) (__retarget_lock_acquire_recursive)
d:/stm32_clion_tool/gcc-arm-none-eabi-10.3-2021.10-win32/gcc-arm-none-eabi-10.3-2021.10/bin/../lib/gcc/arm-none-eabi/10.3.1/../../../../arm-none-eabi/lib/thumb/v7-m/nofp\libg.a(lib_a-__atexit.o)
                              d:/stm32_clion_tool/gcc-arm-none-eabi-10.3-2021.10-win32/gcc-arm-none-eabi-10.3-2021.10/bin/../lib/gcc/arm-none-eabi/10.3.1/../../../../arm-none-eabi/lib/thumb/v7-m/nofp\libg.a(lib_a-atexit.o) (__register_exitproc)

Discarded input sections

 .text          0x00000000        0x0 d:/stm32_clion_tool/gcc-arm-none-eabi-10.3-2021.10-win32/gcc-arm-none-eabi-10.3-2021.10/bin/../lib/gcc/arm-none-eabi/10.3.1/thumb/v7-m/nofp/crti.o
 .data          0x00000000        0x0 d:/stm32_clion_tool/gcc-arm-none-eabi-10.3-2021.10-win32/gcc-arm-none-eabi-10.3-2021.10/bin/../lib/gcc/arm-none-eabi/10.3.1/thumb/v7-m/nofp/crti.o
 .bss           0x00000000        0x0 d:/stm32_clion_tool/gcc-arm-none-eabi-10.3-2021.10-win32/gcc-arm-none-eabi-10.3-2021.10/bin/../lib/gcc/arm-none-eabi/10.3.1/thumb/v7-m/nofp/crti.o
 .data          0x00000000        0x4 d:/stm32_clion_tool/gcc-arm-none-eabi-10.3-2021.10-win32/gcc-arm-none-eabi-10.3-2021.10/bin/../lib/gcc/arm-none-eabi/10.3.1/thumb/v7-m/nofp/crtbegin.o
[...]
Memory Configuration

Name             Origin             Length             Attributes
RAM              0x20000000         0x00005000         xrw
FLASH            0x08000000         0x00010000         xr
*default*        0x00000000         0xffffffff

Linker script and memory map

LOAD d:/stm32_clion_tool/gcc-arm-none-eabi-10.3-2021.10-win32/gcc-arm-none-eabi-10.3-2021.10/bin/../lib/gcc/arm-none-eabi/10.3.1/thumb/v7-m/nofp/crti.o
LOAD d:/stm32_clion_tool/gcc-arm-none-eabi-10.3-2021.10-win32/gcc-arm-none-eabi-10.3-2021.10/bin/../lib/gcc/arm-none-eabi/10.3.1/thumb/v7-m/nofp/crtbegin.o
LOAD d:/stm32_clion_tool/gcc-arm-none-eabi-10.3-2021.10-win32/gcc-arm-none-eabi-10.3-2021.10/bin/../lib/gcc/arm-none-eabi/10.3.1/../../../../arm-none-eabi/lib/thumb/v7-m/nofp/crt0.o
LOAD CMakeFiles/by2.0.elf.dir/Core/Src/gpio.c.obj
LOAD CMakeFiles/by2.0.elf.dir/Core/Src/main.c.obj
LOAD CMakeFiles/by2.0.elf.dir/Core/Src/stm32f1xx_hal_msp.c.obj
LOAD CMakeFiles/by2.0.elf.dir/Core/Src/stm32f1xx_it.c.obj
LOAD CMakeFiles/by2.0.elf.dir/Core/Src/syscalls.c.obj
LOAD CMakeFiles/by2.0.elf.dir/Core/Src/sysmem.c.obj
LOAD CMakeFiles/by2.0.elf.dir/Core/Src/system_stm32f1xx.c.obj
LOAD CMakeFiles/by2.0.elf.dir/Core/Src/tim.c.obj
LOAD CMakeFiles/by2.0.elf.dir/Core/Src/usart.c.obj
LOAD CMakeFiles/by2.0.elf.dir/Core/Startup/startup_stm32f103c8tx.s.obj
LOAD CMakeFiles/by2.0.elf.dir/Drivers/STM32F1xx_HAL_Driver/Src/stm32f1xx_hal.c.obj
LOAD CMakeFiles/by2.0.elf.dir/Drivers/STM32F1xx_HAL_Driver/Src/stm32f1xx_hal_cortex.c.obj
LOAD CMakeFiles/by2.0.elf.dir/Drivers/STM32F1xx_HAL_Driver/Src/stm32f1xx_hal_dma.c.obj
LOAD CMakeFiles/by2.0.elf.dir/Drivers/STM32F1xx_HAL_Driver/Src/stm32f1xx_hal_exti.c.obj
LOAD CMakeFiles/by2.0.elf.dir/Drivers/STM32F1xx_HAL_Driver/Src/stm32f1xx_hal_flash.c.obj
LOAD CMakeFiles/by2.0.elf.dir/Drivers/STM32F1xx_HAL_Driver/Src/stm32f1xx_hal_flash_ex.c.obj
LOAD CMakeFiles/by2.0.elf.dir/Drivers/STM32F1xx_HAL_Driver/Src/stm32f1xx_hal_gpio.c.obj
LOAD CMakeFiles/by2.0.elf.dir/Drivers/STM32F1xx_HAL_Driver/Src/stm32f1xx_hal_gpio_ex.c.obj
LOAD CMakeFiles/by2.0.elf.dir/Drivers/STM32F1xx_HAL_Driver/Src/stm32f1xx_hal_pwr.c.obj
LOAD CMakeFiles/by2.0.elf.dir/Drivers/STM32F1xx_HAL_Driver/Src/stm32f1xx_hal_rcc.c.obj
LOAD CMakeFiles/by2.0.elf.dir/Drivers/STM32F1xx_HAL_Driver/Src/stm32f1xx_hal_rcc_ex.c.obj
LOAD CMakeFiles/by2.0.elf.dir/Drivers/STM32F1xx_HAL_Driver/Src/stm32f1xx_hal_tim.c.obj
LOAD CMakeFiles/by2.0.elf.dir/Drivers/STM32F1xx_HAL_Driver/Src/stm32f1xx_hal_tim_ex.c.obj
LOAD CMakeFiles/by2.0.elf.dir/Drivers/STM32F1xx_HAL_Driver/Src/stm32f1xx_hal_uart.c.obj
LOAD CMakeFiles/by2.0.elf.dir/User/Led/Led.c.obj
START GROUP
LOAD d:/stm32_clion_tool/gcc-arm-none-eabi-10.3-2021.10-win32/gcc-arm-none-eabi-10.3-2021.10/bin/../lib/gcc/arm-none-eabi/10.3.1/thumb/v7-m/nofp\libgcc.a
LOAD d:/stm32_clion_tool/gcc-arm-none-eabi-10.3-2021.10-win32/gcc-arm-none-eabi-10.3-2021.10/bin/../lib/gcc/arm-none-eabi/10.3.1/../../../../arm-none-eabi/lib/thumb/v7-m/nofp\libg.a
LOAD d:/stm32_clion_tool/gcc-arm-none-eabi-10.3-2021.10-win32/gcc-arm-none-eabi-10.3-2021.10/bin/../lib/gcc/arm-none-eabi/10.3.1/../../../../arm-none-eabi/lib/thumb/v7-m/nofp\libc.a
END GROUP
LOAD d:/stm32_clion_tool/gcc-arm-none-eabi-10.3-2021.10-win32/gcc-arm-none-eabi-10.3-2021.10/bin/../lib/gcc/arm-none-eabi/10.3.1/thumb/v7-m/nofp/crtend.o
LOAD d:/stm32_clion_tool/gcc-arm-none-eabi-10.3-2021.10-win32/gcc-arm-none-eabi-10.3-2021.10/bin/../lib/gcc/arm-none-eabi/10.3.1/thumb/v7-m/nofp/crtn.o
                0x20005000                _estack = (ORIGIN (RAM) + LENGTH (RAM))
                0x00000200                _Min_Heap_Size = 0x200
                0x00000400                _Min_Stack_Size = 0x400

.isr_vector     0x08000000      0x10c
                0x08000000                . = ALIGN (0x4)
 *(.isr_vector)
 .isr_vector    0x08000000      0x10c CMakeFiles/by2.0.elf.dir/Core/Startup/startup_stm32f103c8tx.s.obj
                0x08000000                g_pfnVectors
                0x0800010c                . = ALIGN (0x4)

.text           0x0800010c     0x22f8
                0x0800010c                . = ALIGN (0x4)
 *(.text)
 .text          0x0800010c       0x40 d:/stm32_clion_tool/gcc-arm-none-eabi-10.3-2021.10-win32/gcc-arm-none-eabi-10.3-2021.10/bin/../lib/gcc/arm-none-eabi/10.3.1/thumb/v7-m/nofp/crtbegin.o
 *(.text*)
 .text.MX_GPIO_Init
                0x0800014c      0x12c CMakeFiles/by2.0.elf.dir/Core/Src/gpio.c.obj
                0x0800014c                MX_GPIO_Init
 .text.trafficLight_init
                0x08000278       0x98 CMakeFiles/by2.0.elf.dir/Core/Src/main.c.obj
                0x08000278                trafficLight_init
 .text.seg_display
                0x08000310       0x84 CMakeFiles/by2.0.elf.dir/Core/Src/main.c.obj
                0x08000310                seg_display
 .text.trafficLight_control
                0x08000394       0xf4 CMakeFiles/by2.0.elf.dir/Core/Src/main.c.obj
                0x08000394                trafficLight_control
 .text.HAL_UART_RxCpltCallback
                0x08000488       0x4c CMakeFiles/by2.0.elf.dir/Core/Src/main.c.obj
                0x08000488                HAL_UART_RxCpltCallback
 .text.HAL_TIM_PeriodElapsedCallback
                0x080004d4      0x270 CMakeFiles/by2.0.elf.dir/Core/Src/main.c.obj
                0x080004d4                HAL_TIM_PeriodElapsedCallback
 .text.Error_Handler
                0x08000744        0x4 CMakeFiles/by2.0.elf.dir/Core/Src/main.c.obj
                0x08000744                Error_Handler
 .text.SystemClock_Config
                0x08000748       0x64 CMakeFiles/by2.0.elf.dir/Core/Src/main.c.obj
                0x08000748                SystemClock_Config
 .text.main     0x080007ac       0x5c CMakeFiles/by2.0.elf.dir/Core/Src/main.c.obj
                0x080007ac                main
 .text.HAL_MspInit
                0x08000808       0x44 CMakeFiles/by2.0.elf.dir/Core/Src/stm32f1xx_hal_msp.c.obj
                0x08000808                HAL_MspInit
 .text.NMI_Handler
                0x0800084c        0x2 CMakeFiles/by2.0.elf.dir/Core/Src/stm32f1xx_it.c.obj
                0x0800084c                NMI_Handler
 .text.HardFault_Handler
                0x0800084e        0x2 CMakeFiles/by2.0.elf.dir/Core/Src/stm32f1xx_it.c.obj
                0x0800084e                HardFault_Handler
 .text.MemManage_Handler
                0x08000850        0x2 CMakeFiles/by2.0.elf.dir/Core/Src/stm32f1xx_it.c.obj
                0x08000850                MemManage_Handler
 .text.BusFault_Handler
                0x08000852        0x2 CMakeFiles/by2.0.elf.dir/Core/Src/stm32f1xx_it.c.obj
                0x08000852                BusFault_Handler
 .text.UsageFault_Handler
                0x08000854        0x2 CMakeFiles/by2.0.elf.dir/Core/Src/stm32f1xx_it.c.obj
                0x08000854                UsageFault_Handler
 .text.SVC_Handler
                0x08000856        0x2 CMakeFiles/by2.0.elf.dir/Core/Src/stm32f1xx_it.c.obj
                0x08000856                SVC_Handler
 .text.DebugMon_Handler
                0x08000858        0x2 CMakeFiles/by2.0.elf.dir/Core/Src/stm32f1xx_it.c.obj
                0x08000858                DebugMon_Handler
 .text.PendSV_Handler
                0x0800085a        0x2 CMakeFiles/by2.0.elf.dir/Core/Src/stm32f1xx_it.c.obj
                0x0800085a                PendSV_Handler
 .text.SysTick_Handler
                0x0800085c        0x8 CMakeFiles/by2.0.elf.dir/Core/Src/stm32f1xx_it.c.obj
                0x0800085c                SysTick_Handler
 .text.TIM2_IRQHandler
                0x08000864       0x10 CMakeFiles/by2.0.elf.dir/Core/Src/stm32f1xx_it.c.obj
                0x08000864                TIM2_IRQHandler
 .text.TIM3_IRQHandler
                0x08000874       0x10 CMakeFiles/by2.0.elf.dir/Core/Src/stm32f1xx_it.c.obj
                0x08000874                TIM3_IRQHandler
 .text.TIM4_IRQHandler
                0x08000884       0x10 CMakeFiles/by2.0.elf.dir/Core/Src/stm32f1xx_it.c.obj
                0x08000884                TIM4_IRQHandler
 .text.USART1_IRQHandler
                0x08000894       0x10 CMakeFiles/by2.0.elf.dir/Core/Src/stm32f1xx_it.c.obj
                0x08000894                USART1_IRQHandler
 .text.SystemInit
                0x080008a4        0x2 CMakeFiles/by2.0.elf.dir/Core/Src/system_stm32f1xx.c.obj
                0x080008a4                SystemInit
 *fill*         0x080008a6        0x2 
 .text.MX_TIM2_Init
                0x080008a8       0x70 CMakeFiles/by2.0.elf.dir/Core/Src/tim.c.obj
                0x080008a8                MX_TIM2_Init
 .text.MX_TIM3_Init
                0x08000918       0x70 CMakeFiles/by2.0.elf.dir/Core/Src/tim.c.obj
                0x08000918                MX_TIM3_Init
 .text.MX_TIM4_Init
                0x08000988       0x70 CMakeFiles/by2.0.elf.dir/Core/Src/tim.c.obj
                0x08000988                MX_TIM4_Init
 .text.HAL_TIM_Base_MspInit
                0x080009f8       0xa0 CMakeFiles/by2.0.elf.dir/Core/Src/tim.c.obj
                0x080009f8                HAL_TIM_Base_MspInit
 .text.MX_USART1_UART_Init
                0x08000a98       0x34 CMakeFiles/by2.0.elf.dir/Core/Src/usart.c.obj
                0x08000a98                MX_USART1_UART_Init
 .text.HAL_UART_MspInit
                0x08000acc       0x88 CMakeFiles/by2.0.elf.dir/Core/Src/usart.c.obj
                0x08000acc                HAL_UART_MspInit
 .text.Reset_Handler
                0x08000b54       0x48 CMakeFiles/by2.0.elf.dir/Core/Startup/startup_stm32f103c8tx.s.obj
                0x08000b54                Reset_Handler
 .text.Default_Handler
                0x08000b9c        0x2 CMakeFiles/by2.0.elf.dir/Core/Startup/startup_stm32f103c8tx.s.obj
                0x08000b9c                RTC_Alarm_IRQHandler
                0x08000b9c                EXTI2_IRQHandler
                0x08000b9c                TIM1_CC_IRQHandler
                0x08000b9c                PVD_IRQHandler
                0x08000b9c                EXTI3_IRQHandler
                0x08000b9c                EXTI0_IRQHandler
                0x08000b9c                I2C2_EV_IRQHandler
                0x08000b9c                ADC1_2_IRQHandler
                0x08000b9c                SPI1_IRQHandler
                0x08000b9c                TAMPER_IRQHandler
                0x08000b9c                DMA1_Channel4_IRQHandler
                0x08000b9c                USART3_IRQHandler
                0x08000b9c                RTC_IRQHandler
                0x08000b9c                DMA1_Channel7_IRQHandler
                0x08000b9c                CAN1_RX1_IRQHandler
                0x08000b9c                I2C1_EV_IRQHandler
                0x08000b9c                DMA1_Channel6_IRQHandler
                0x08000b9c                RCC_IRQHandler
                0x08000b9c                TIM1_TRG_COM_IRQHandler
                0x08000b9c                DMA1_Channel1_IRQHandler
                0x08000b9c                Default_Handler
                0x08000b9c                EXTI15_10_IRQHandler
                0x08000b9c                EXTI9_5_IRQHandler
                0x08000b9c                SPI2_IRQHandler
                0x08000b9c                DMA1_Channel5_IRQHandler
                0x08000b9c                EXTI4_IRQHandler
                0x08000b9c                USB_LP_CAN1_RX0_IRQHandler
                0x08000b9c                USB_HP_CAN1_TX_IRQHandler
                0x08000b9c                DMA1_Channel3_IRQHandler
                0x08000b9c                TIM1_UP_IRQHandler
                0x08000b9c                WWDG_IRQHandler
                0x08000b9c                TIM1_BRK_IRQHandler
                0x08000b9c                EXTI1_IRQHandler
                0x08000b9c                USART2_IRQHandler
                0x08000b9c                I2C2_ER_IRQHandler
                0x08000b9c                DMA1_Channel2_IRQHandler
                0x08000b9c                CAN1_SCE_IRQHandler
                0x08000b9c                FLASH_IRQHandler
                0x08000b9c                I2C1_ER_IRQHandler
                0x08000b9c                USBWakeUp_IRQHandler
 *fill*         0x08000b9e        0x2 
 .text.HAL_InitTick
                0x08000ba0       0x4c CMakeFiles/by2.0.elf.dir/Drivers/STM32F1xx_HAL_Driver/Src/stm32f1xx_hal.c.obj
                0x08000ba0                HAL_InitTick
 .text.HAL_Init
                0x08000bec       0x24 CMakeFiles/by2.0.elf.dir/Drivers/STM32F1xx_HAL_Driver/Src/stm32f1xx_hal.c.obj
                0x08000bec                HAL_Init
 .text.HAL_IncTick
                0x08000c10       0x18 CMakeFiles/by2.0.elf.dir/Drivers/STM32F1xx_HAL_Driver/Src/stm32f1xx_hal.c.obj
                0x08000c10                HAL_IncTick
 .text.HAL_GetTick
                0x08000c28        0xc CMakeFiles/by2.0.elf.dir/Drivers/STM32F1xx_HAL_Driver/Src/stm32f1xx_hal.c.obj
                0x08000c28                HAL_GetTick
 .text.HAL_NVIC_SetPriorityGrouping
                0x08000c34       0x24 CMakeFiles/by2.0.elf.dir/Drivers/STM32F1xx_HAL_Driver/Src/stm32f1xx_hal_cortex.c.obj
                0x08000c34                HAL_NVIC_SetPriorityGrouping
 .text.HAL_NVIC_SetPriority
                0x08000c58       0x70 CMakeFiles/by2.0.elf.dir/Drivers/STM32F1xx_HAL_Driver/Src/stm32f1xx_hal_cortex.c.obj
                0x08000c58                HAL_NVIC_SetPriority
 .text.HAL_NVIC_EnableIRQ
                0x08000cc8       0x1c CMakeFiles/by2.0.elf.dir/Drivers/STM32F1xx_HAL_Driver/Src/stm32f1xx_hal_cortex.c.obj
                0x08000cc8                HAL_NVIC_EnableIRQ
 .text.HAL_SYSTICK_Config
                0x08000ce4       0x28 CMakeFiles/by2.0.elf.dir/Drivers/STM32F1xx_HAL_Driver/Src/stm32f1xx_hal_cortex.c.obj
                0x08000ce4                HAL_SYSTICK_Config
 .text.HAL_DMA_Abort
                0x08000d0c       0x44 CMakeFiles/by2.0.elf.dir/Drivers/STM32F1xx_HAL_Driver/Src/stm32f1xx_hal_dma.c.obj
                0x08000d0c                HAL_DMA_Abort
 .text.HAL_DMA_Abort_IT
                0x08000d50       0x98 CMakeFiles/by2.0.elf.dir/Drivers/STM32F1xx_HAL_Driver/Src/stm32f1xx_hal_dma.c.obj
                0x08000d50                HAL_DMA_Abort_IT
 .text.HAL_GPIO_Init
                0x08000de8      0x224 CMakeFiles/by2.0.elf.dir/Drivers/STM32F1xx_HAL_Driver/Src/stm32f1xx_hal_gpio.c.obj
                0x08000de8                HAL_GPIO_Init
 .text.HAL_GPIO_WritePin
                0x0800100c        0xc CMakeFiles/by2.0.elf.dir/Drivers/STM32F1xx_HAL_Driver/Src/stm32f1xx_hal_gpio.c.obj
                0x0800100c                HAL_GPIO_WritePin
 .text.RCC_Delay
                0x08001018       0x2c CMakeFiles/by2.0.elf.dir/Drivers/STM32F1xx_HAL_Driver/Src/stm32f1xx_hal_rcc.c.obj
 .text.HAL_RCC_OscConfig
                0x08001044      0x410 CMakeFiles/by2.0.elf.dir/Drivers/STM32F1xx_HAL_Driver/Src/stm32f1xx_hal_rcc.c.obj
                0x08001044                HAL_RCC_OscConfig
 .text.HAL_RCC_GetSysClockFreq
                0x08001454       0x70 CMakeFiles/by2.0.elf.dir/Drivers/STM32F1xx_HAL_Driver/Src/stm32f1xx_hal_rcc.c.obj
                0x08001454                HAL_RCC_GetSysClockFreq
 .text.HAL_RCC_ClockConfig
                0x080014c4      0x16c CMakeFiles/by2.0.elf.dir/Drivers/STM32F1xx_HAL_Driver/Src/stm32f1xx_hal_rcc.c.obj
                0x080014c4                HAL_RCC_ClockConfig
 .text.HAL_RCC_GetHCLKFreq
                0x08001630        0xc CMakeFiles/by2.0.elf.dir/Drivers/STM32F1xx_HAL_Driver/Src/stm32f1xx_hal_rcc.c.obj
                0x08001630                HAL_RCC_GetHCLKFreq
 .text.HAL_RCC_GetPCLK1Freq
                0x0800163c       0x20 CMakeFiles/by2.0.elf.dir/Drivers/STM32F1xx_HAL_Driver/Src/stm32f1xx_hal_rcc.c.obj
                0x0800163c                HAL_RCC_GetPCLK1Freq
 .text.HAL_RCC_GetPCLK2Freq
                0x0800165c       0x20 CMakeFiles/by2.0.elf.dir/Drivers/STM32F1xx_HAL_Driver/Src/stm32f1xx_hal_rcc.c.obj
                0x0800165c                HAL_RCC_GetPCLK2Freq
 .text.TIM_TI1_ConfigInputStage
                0x0800167c       0x24 CMakeFiles/by2.0.elf.dir/Drivers/STM32F1xx_HAL_Driver/Src/stm32f1xx_hal_tim.c.obj
 .text.TIM_TI2_ConfigInputStage
                0x080016a0       0x26 CMakeFiles/by2.0.elf.dir/Drivers/STM32F1xx_HAL_Driver/Src/stm32f1xx_hal_tim.c.obj
 .text.TIM_ITRx_SetConfig
                0x080016c6       0x10 CMakeFiles/by2.0.elf.dir/Drivers/STM32F1xx_HAL_Driver/Src/stm32f1xx_hal_tim.c.obj
 *fill*         0x080016d6        0x2 
 .text.HAL_TIM_Base_Start_IT
                0x080016d8       0x68 CMakeFiles/by2.0.elf.dir/Drivers/STM32F1xx_HAL_Driver/Src/stm32f1xx_hal_tim.c.obj
                0x080016d8                HAL_TIM_Base_Start_IT
 .text.HAL_TIM_OC_DelayElapsedCallback
                0x08001740        0x2 CMakeFiles/by2.0.elf.dir/Drivers/STM32F1xx_HAL_Driver/Src/stm32f1xx_hal_tim.c.obj
                0x08001740                HAL_TIM_OC_DelayElapsedCallback
 .text.HAL_TIM_IC_CaptureCallback
                0x08001742        0x2 CMakeFiles/by2.0.elf.dir/Drivers/STM32F1xx_HAL_Driver/Src/stm32f1xx_hal_tim.c.obj
                0x08001742                HAL_TIM_IC_CaptureCallback
 .text.HAL_TIM_PWM_PulseFinishedCallback
                0x08001744        0x2 CMakeFiles/by2.0.elf.dir/Drivers/STM32F1xx_HAL_Driver/Src/stm32f1xx_hal_tim.c.obj
                0x08001744                HAL_TIM_PWM_PulseFinishedCallback
 .text.HAL_TIM_TriggerCallback
                0x08001746        0x2 CMakeFiles/by2.0.elf.dir/Drivers/STM32F1xx_HAL_Driver/Src/stm32f1xx_hal_tim.c.obj
                0x08001746                HAL_TIM_TriggerCallback
 .text.HAL_TIM_IRQHandler
                0x08001748      0x17a CMakeFiles/by2.0.elf.dir/Drivers/STM32F1xx_HAL_Driver/Src/stm32f1xx_hal_tim.c.obj
                0x08001748                HAL_TIM_IRQHandler
 *fill*         0x080018c2        0x2 
 .text.TIM_Base_SetConfig
                0x080018c4       0x74 CMakeFiles/by2.0.elf.dir/Drivers/STM32F1xx_HAL_Driver/Src/stm32f1xx_hal_tim.c.obj
                0x080018c4                TIM_Base_SetConfig
 .text.HAL_TIM_Base_Init
                0x08001938       0x58 CMakeFiles/by2.0.elf.dir/Drivers/STM32F1xx_HAL_Driver/Src/stm32f1xx_hal_tim.c.obj
                0x08001938                HAL_TIM_Base_Init
 .text.TIM_ETR_SetConfig
                0x08001990       0x18 CMakeFiles/by2.0.elf.dir/Drivers/STM32F1xx_HAL_Driver/Src/stm32f1xx_hal_tim.c.obj
                0x08001990                TIM_ETR_SetConfig
 .text.HAL_TIM_ConfigClockSource
                0x080019a8       0xda CMakeFiles/by2.0.elf.dir/Drivers/STM32F1xx_HAL_Driver/Src/stm32f1xx_hal_tim.c.obj
                0x080019a8                HAL_TIM_ConfigClockSource
 *fill*         0x08001a82        0x2 
 .text.HAL_TIMEx_MasterConfigSynchronization
                0x08001a84       0x6c CMakeFiles/by2.0.elf.dir/Drivers/STM32F1xx_HAL_Driver/Src/stm32f1xx_hal_tim_ex.c.obj
                0x08001a84                HAL_TIMEx_MasterConfigSynchronization
 .text.HAL_TIMEx_CommutCallback
                0x08001af0        0x2 CMakeFiles/by2.0.elf.dir/Drivers/STM32F1xx_HAL_Driver/Src/stm32f1xx_hal_tim_ex.c.obj
                0x08001af0                HAL_TIMEx_CommutCallback
 .text.HAL_TIMEx_BreakCallback
                0x08001af2        0x2 CMakeFiles/by2.0.elf.dir/Drivers/STM32F1xx_HAL_Driver/Src/stm32f1xx_hal_tim_ex.c.obj
                0x08001af2                HAL_TIMEx_BreakCallback
 .text.UART_EndRxTransfer
                0x08001af4       0x32 CMakeFiles/by2.0.elf.dir/Drivers/STM32F1xx_HAL_Driver/Src/stm32f1xx_hal_uart.c.obj
 .text.UART_Transmit_IT
                0x08001b26       0x60 CMakeFiles/by2.0.elf.dir/Drivers/STM32F1xx_HAL_Driver/Src/stm32f1xx_hal_uart.c.obj
 *fill*         0x08001b86        0x2 
 .text.UART_SetConfig
                0x08001b88       0x94 CMakeFiles/by2.0.elf.dir/Drivers/STM32F1xx_HAL_Driver/Src/stm32f1xx_hal_uart.c.obj
 .text.HAL_UART_Init
                0x08001c1c       0x5e CMakeFiles/by2.0.elf.dir/Drivers/STM32F1xx_HAL_Driver/Src/stm32f1xx_hal_uart.c.obj
                0x08001c1c                HAL_UART_Init
 .text.HAL_UART_Transmit_IT
                0x08001c7a       0x4e CMakeFiles/by2.0.elf.dir/Drivers/STM32F1xx_HAL_Driver/Src/stm32f1xx_hal_uart.c.obj
                0x08001c7a                HAL_UART_Transmit_IT
 .text.HAL_UART_TxCpltCallback
                0x08001cc8        0x2 CMakeFiles/by2.0.elf.dir/Drivers/STM32F1xx_HAL_Driver/Src/stm32f1xx_hal_uart.c.obj
                0x08001cc8                HAL_UART_TxCpltCallback
 .text.UART_EndTransmit_IT
                0x08001cca       0x1a CMakeFiles/by2.0.elf.dir/Drivers/STM32F1xx_HAL_Driver/Src/stm32f1xx_hal_uart.c.obj
 .text.HAL_UART_ErrorCallback
                0x08001ce4        0x2 CMakeFiles/by2.0.elf.dir/Drivers/STM32F1xx_HAL_Driver/Src/stm32f1xx_hal_uart.c.obj
                0x08001ce4                HAL_UART_ErrorCallback
 .text.UART_DMAAbortOnError
                0x08001ce6       0x10 CMakeFiles/by2.0.elf.dir/Drivers/STM32F1xx_HAL_Driver/Src/stm32f1xx_hal_uart.c.obj
 .text.HAL_UARTEx_RxEventCallback
                0x08001cf6        0x2 CMakeFiles/by2.0.elf.dir/Drivers/STM32F1xx_HAL_Driver/Src/stm32f1xx_hal_uart.c.obj
                0x08001cf6                HAL_UARTEx_RxEventCallback
 .text.UART_Receive_IT
                0x08001cf8       0xd4 CMakeFiles/by2.0.elf.dir/Drivers/STM32F1xx_HAL_Driver/Src/stm32f1xx_hal_uart.c.obj
 .text.HAL_UART_IRQHandler
                0x08001dcc      0x204 CMakeFiles/by2.0.elf.dir/Drivers/STM32F1xx_HAL_Driver/Src/stm32f1xx_hal_uart.c.obj
                0x08001dcc                HAL_UART_IRQHandler
 .text.UART_Start_Receive_IT
                0x08001fd0       0x36 CMakeFiles/by2.0.elf.dir/Drivers/STM32F1xx_HAL_Driver/Src/stm32f1xx_hal_uart.c.obj
                0x08001fd0                UART_Start_Receive_IT
 .text.HAL_UART_Receive_IT
                0x08002006       0x38 CMakeFiles/by2.0.elf.dir/Drivers/STM32F1xx_HAL_Driver/Src/stm32f1xx_hal_uart.c.obj
                0x08002006                HAL_UART_Receive_IT
 *fill*         0x0800203e        0x2 
 .text.r1_on    0x08002040       0x14 CMakeFiles/by2.0.elf.dir/User/Led/Led.c.obj
                0x08002040                r1_on
 .text.g1_on    0x08002054       0x14 CMakeFiles/by2.0.elf.dir/User/Led/Led.c.obj
                0x08002054                g1_on
 .text.y1_on    0x08002068       0x14 CMakeFiles/by2.0.elf.dir/User/Led/Led.c.obj
                0x08002068                y1_on
 .text.r1_off   0x0800207c       0x14 CMakeFiles/by2.0.elf.dir/User/Led/Led.c.obj
                0x0800207c                r1_off
 .text.g1_off   0x08002090       0x14 CMakeFiles/by2.0.elf.dir/User/Led/Led.c.obj
                0x08002090                g1_off
 .text.y1_off   0x080020a4       0x14 CMakeFiles/by2.0.elf.dir/User/Led/Led.c.obj
                0x080020a4                y1_off
 .text.r2_on    0x080020b8       0x14 CMakeFiles/by2.0.elf.dir/User/Led/Led.c.obj
                0x080020b8                r2_on
 .text.g2_on    0x080020cc       0x14 CMakeFiles/by2.0.elf.dir/User/Led/Led.c.obj
                0x080020cc                g2_on
 .text.y2_on    0x080020e0       0x14 CMakeFiles/by2.0.elf.dir/User/Led/Led.c.obj
                0x080020e0                y2_on
 .text.r2_off   0x080020f4       0x14 CMakeFiles/by2.0.elf.dir/User/Led/Led.c.obj
                0x080020f4                r2_off
 .text.g2_off   0x08002108       0x14 CMakeFiles/by2.0.elf.dir/User/Led/Led.c.obj
                0x08002108                g2_off
 .text.y2_off   0x0800211c       0x14 CMakeFiles/by2.0.elf.dir/User/Led/Led.c.obj
                0x0800211c                y2_off
 .text.r3_on    0x08002130       0x14 CMakeFiles/by2.0.elf.dir/User/Led/Led.c.obj
                0x08002130                r3_on
 .text.g3_on    0x08002144       0x14 CMakeFiles/by2.0.elf.dir/User/Led/Led.c.obj
                0x08002144                g3_on
 .text.y3_on    0x08002158       0x14 CMakeFiles/by2.0.elf.dir/User/Led/Led.c.obj
                0x08002158                y3_on
 .text.r3_off   0x0800216c       0x14 CMakeFiles/by2.0.elf.dir/User/Led/Led.c.obj
                0x0800216c                r3_off
 .text.g3_off   0x08002180       0x14 CMakeFiles/by2.0.elf.dir/User/Led/Led.c.obj
                0x08002180                g3_off
 .text.y3_off   0x08002194       0x14 CMakeFiles/by2.0.elf.dir/User/Led/Led.c.obj
                0x08002194                y3_off
 .text.r4_on    0x080021a8       0x14 CMakeFiles/by2.0.elf.dir/User/Led/Led.c.obj
                0x080021a8                r4_on
 .text.g4_on    0x080021bc       0x14 CMakeFiles/by2.0.elf.dir/User/Led/Led.c.obj
                0x080021bc                g4_on
 .text.y4_on    0x080021d0       0x14 CMakeFiles/by2.0.elf.dir/User/Led/Led.c.obj
                0x080021d0                y4_on
 .text.r4_off   0x080021e4       0x14 CMakeFiles/by2.0.elf.dir/User/Led/Led.c.obj
                0x080021e4                r4_off
 .text.g4_off   0x080021f8       0x14 CMakeFiles/by2.0.elf.dir/User/Led/Led.c.obj
                0x080021f8                g4_off
 .text.y4_off   0x0800220c       0x14 CMakeFiles/by2.0.elf.dir/User/Led/Led.c.obj
                0x0800220c                y4_off
 .text.__libc_init_array
                0x08002220       0x48 d:/stm32_clion_tool/gcc-arm-none-eabi-10.3-2021.10-win32/gcc-arm-none-eabi-10.3-2021.10/bin/../lib/gcc/arm-none-eabi/10.3.1/../../../../arm-none-eabi/lib/thumb/v7-m/nofp\libg.a(lib_a-init.o)
                0x08002220                __libc_init_array
 .text.memset   0x08002268       0xa4 d:/stm32_clion_tool/gcc-arm-none-eabi-10.3-2021.10-win32/gcc-arm-none-eabi-10.3-2021.10/bin/../lib/gcc/arm-none-eabi/10.3.1/../../../../arm-none-eabi/lib/thumb/v7-m/nofp\libg.a(lib_a-memset.o)
                0x08002268                memset
 .text.startup.register_fini
                0x0800230c       0x14 d:/stm32_clion_tool/gcc-arm-none-eabi-10.3-2021.10-win32/gcc-arm-none-eabi-10.3-2021.10/bin/../lib/gcc/arm-none-eabi/10.3.1/../../../../arm-none-eabi/lib/thumb/v7-m/nofp\libg.a(lib_a-__call_atexit.o)
 .text.atexit   0x08002320        0xc d:/stm32_clion_tool/gcc-arm-none-eabi-10.3-2021.10-win32/gcc-arm-none-eabi-10.3-2021.10/bin/../lib/gcc/arm-none-eabi/10.3.1/../../../../arm-none-eabi/lib/thumb/v7-m/nofp\libg.a(lib_a-atexit.o)
                0x08002320                atexit
 .text.__libc_fini_array
                0x0800232c       0x2c d:/stm32_clion_tool/gcc-arm-none-eabi-10.3-2021.10-win32/gcc-arm-none-eabi-10.3-2021.10/bin/../lib/gcc/arm-none-eabi/10.3.1/../../../../arm-none-eabi/lib/thumb/v7-m/nofp\libg.a(lib_a-fini.o)
                0x0800232c                __libc_fini_array
 .text.__retarget_lock_acquire_recursive
                0x08002358        0x4 d:/stm32_clion_tool/gcc-arm-none-eabi-10.3-2021.10-win32/gcc-arm-none-eabi-10.3-2021.10/bin/../lib/gcc/arm-none-eabi/10.3.1/../../../../arm-none-eabi/lib/thumb/v7-m/nofp\libg.a(lib_a-lock.o)
                0x08002358                __retarget_lock_acquire_recursive
 .text.__retarget_lock_release_recursive
                0x0800235c        0x4 d:/stm32_clion_tool/gcc-arm-none-eabi-10.3-2021.10-win32/gcc-arm-none-eabi-10.3-2021.10/bin/../lib/gcc/arm-none-eabi/10.3.1/../../../../arm-none-eabi/lib/thumb/v7-m/nofp\libg.a(lib_a-lock.o)
                0x0800235c                __retarget_lock_release_recursive
 .text.__register_exitproc
                0x08002360       0x8c d:/stm32_clion_tool/gcc-arm-none-eabi-10.3-2021.10-win32/gcc-arm-none-eabi-10.3-2021.10/bin/../lib/gcc/arm-none-eabi/10.3.1/../../../../arm-none-eabi/lib/thumb/v7-m/nofp\libg.a(lib_a-__atexit.o)
                0x08002360                __register_exitproc
 *(.glue_7)
 .glue_7        0x080023ec        0x0 linker stubs
 *(.glue_7t)
 .glue_7t       0x080023ec        0x0 linker stubs
 *(.eh_frame)
 .eh_frame      0x080023ec        0x0 d:/stm32_clion_tool/gcc-arm-none-eabi-10.3-2021.10-win32/gcc-arm-none-eabi-10.3-2021.10/bin/../lib/gcc/arm-none-eabi/10.3.1/thumb/v7-m/nofp/crtbegin.o
 *(.init)
 .init          0x080023ec        0x4 d:/stm32_clion_tool/gcc-arm-none-eabi-10.3-2021.10-win32/gcc-arm-none-eabi-10.3-2021.10/bin/../lib/gcc/arm-none-eabi/10.3.1/thumb/v7-m/nofp/crti.o
                0x080023ec                _init
 .init          0x080023f0        0x8 d:/stm32_clion_tool/gcc-arm-none-eabi-10.3-2021.10-win32/gcc-arm-none-eabi-10.3-2021.10/bin/../lib/gcc/arm-none-eabi/10.3.1/thumb/v7-m/nofp/crtn.o
 *(.fini)
 .fini          0x080023f8        0x4 d:/stm32_clion_tool/gcc-arm-none-eabi-10.3-2021.10-win32/gcc-arm-none-eabi-10.3-2021.10/bin/../lib/gcc/arm-none-eabi/10.3.1/thumb/v7-m/nofp/crti.o
                0x080023f8                _fini
 .fini          0x080023fc        0x8 d:/stm32_clion_tool/gcc-arm-none-eabi-10.3-2021.10-win32/gcc-arm-none-eabi-10.3-2021.10/bin/../lib/gcc/arm-none-eabi/10.3.1/thumb/v7-m/nofp/crtn.o
                0x08002404                . = ALIGN (0x4)
                0x08002404                _etext = .

.vfp11_veneer   0x08002404        0x0
 .vfp11_veneer  0x08002404        0x0 linker stubs

.v4_bx          0x08002404        0x0
 .v4_bx         0x08002404        0x0 linker stubs

.iplt           0x08002404        0x0
 .iplt          0x08002404        0x0 d:/stm32_clion_tool/gcc-arm-none-eabi-10.3-2021.10-win32/gcc-arm-none-eabi-10.3-2021.10/bin/../lib/gcc/arm-none-eabi/10.3.1/thumb/v7-m/nofp/crtbegin.o

.rodata         0x08002404       0x64
                0x08002404                . = ALIGN (0x4)
 *(.rodata)
 *(.rodata*)
 .rodata.HAL_UART_RxCpltCallback.str1.4
                0x08002404       0x1b CMakeFiles/by2.0.elf.dir/Core/Src/main.c.obj
 *fill*         0x0800241f        0x1 
 .rodata.digit_codes
                0x08002420       0x16 CMakeFiles/by2.0.elf.dir/Core/Src/main.c.obj
                0x08002420                digit_codes
 *fill*         0x08002436        0x2 
 .rodata.AHBPrescTable
                0x08002438       0x10 CMakeFiles/by2.0.elf.dir/Core/Src/system_stm32f1xx.c.obj
                0x08002438                AHBPrescTable
 .rodata.APBPrescTable
                0x08002448        0x8 CMakeFiles/by2.0.elf.dir/Core/Src/system_stm32f1xx.c.obj
                0x08002448                APBPrescTable
 .rodata.HAL_RCC_GetSysClockFreq.str1.4
                0x08002450       0x11 CMakeFiles/by2.0.elf.dir/Drivers/STM32F1xx_HAL_Driver/Src/stm32f1xx_hal_rcc.c.obj
 *fill*         0x08002461        0x3 
 .rodata._global_impure_ptr
                0x08002464        0x4 d:/stm32_clion_tool/gcc-arm-none-eabi-10.3-2021.10-win32/gcc-arm-none-eabi-10.3-2021.10/bin/../lib/gcc/arm-none-eabi/10.3.1/../../../../arm-none-eabi/lib/thumb/v7-m/nofp\libg.a(lib_a-impure.o)
                0x08002464                _global_impure_ptr
                0x08002468                . = ALIGN (0x4)

.rel.dyn        0x08002468        0x0
 .rel.iplt      0x08002468        0x0 d:/stm32_clion_tool/gcc-arm-none-eabi-10.3-2021.10-win32/gcc-arm-none-eabi-10.3-2021.10/bin/../lib/gcc/arm-none-eabi/10.3.1/thumb/v7-m/nofp/crtbegin.o

.ARM.extab      0x08002468        0x0
                0x08002468                . = ALIGN (0x4)
 *(.ARM.extab* .gnu.linkonce.armextab.*)
                0x08002468                . = ALIGN (0x4)

.ARM            0x08002468        0x0
                0x08002468                . = ALIGN (0x4)
                0x08002468                __exidx_start = .
 *(.ARM.exidx*)
                0x08002468                __exidx_end = .
                0x08002468                . = ALIGN (0x4)

.preinit_array  0x08002468        0x0
                0x08002468                . = ALIGN (0x4)
                0x08002468                PROVIDE (__preinit_array_start = .)
 *(.preinit_array*)
                0x08002468                PROVIDE (__preinit_array_end = .)
                0x08002468                . = ALIGN (0x4)

.init_array     0x08002468        0x8
                0x08002468                . = ALIGN (0x4)
                0x08002468                PROVIDE (__init_array_start = .)
 *(SORT_BY_NAME(.init_array.*))
 .init_array.00000
                0x08002468        0x4 d:/stm32_clion_tool/gcc-arm-none-eabi-10.3-2021.10-win32/gcc-arm-none-eabi-10.3-2021.10/bin/../lib/gcc/arm-none-eabi/10.3.1/../../../../arm-none-eabi/lib/thumb/v7-m/nofp\libg.a(lib_a-__call_atexit.o)
 *(.init_array*)
 .init_array    0x0800246c        0x4 d:/stm32_clion_tool/gcc-arm-none-eabi-10.3-2021.10-win32/gcc-arm-none-eabi-10.3-2021.10/bin/../lib/gcc/arm-none-eabi/10.3.1/thumb/v7-m/nofp/crtbegin.o
                0x08002470                PROVIDE (__init_array_end = .)
                0x08002470                . = ALIGN (0x4)

.fini_array     0x08002470        0x4
                0x08002470                . = ALIGN (0x4)
                0x08002470                PROVIDE (__fini_array_start = .)
 *(SORT_BY_NAME(.fini_array.*))
 *(.fini_array*)
 .fini_array    0x08002470        0x4 d:/stm32_clion_tool/gcc-arm-none-eabi-10.3-2021.10-win32/gcc-arm-none-eabi-10.3-2021.10/bin/../lib/gcc/arm-none-eabi/10.3.1/thumb/v7-m/nofp/crtbegin.o
                0x08002474                PROVIDE (__fini_array_end = .)
                0x08002474                . = ALIGN (0x4)
                0x08002474                _sidata = LOADADDR (.data)

.data           0x20000000      0x44c load address 0x08002474
                0x20000000                . = ALIGN (0x4)
                0x20000000                _sdata = .
 *(.data)
 *(.data*)
 .data.digbuf   0x20000000        0x8 CMakeFiles/by2.0.elf.dir/Core/Src/main.c.obj
                0x20000000                digbuf
 .data.init_green_time
                0x20000008        0x2 CMakeFiles/by2.0.elf.dir/Core/Src/main.c.obj
                0x20000008                init_green_time
 .data.init_red_time
                0x2000000a        0x2 CMakeFiles/by2.0.elf.dir/Core/Src/main.c.obj
                0x2000000a                init_red_time
 .data.init_total_cycle
                0x2000000c        0x2 CMakeFiles/by2.0.elf.dir/Core/Src/main.c.obj
                0x2000000c                init_total_cycle
 .data.init_yellow_time
                0x2000000e        0x2 CMakeFiles/by2.0.elf.dir/Core/Src/main.c.obj
                0x2000000e                init_yellow_time
 .data.SystemCoreClock
                0x20000010        0x4 CMakeFiles/by2.0.elf.dir/Core/Src/system_stm32f1xx.c.obj
                0x20000010                SystemCoreClock
 .data.uwTickFreq
                0x20000014        0x1 CMakeFiles/by2.0.elf.dir/Drivers/STM32F1xx_HAL_Driver/Src/stm32f1xx_hal.c.obj
                0x20000014                uwTickFreq
 *fill*         0x20000015        0x3 
 .data.uwTickPrio
                0x20000018        0x4 CMakeFiles/by2.0.elf.dir/Drivers/STM32F1xx_HAL_Driver/Src/stm32f1xx_hal.c.obj
                0x20000018                uwTickPrio
 *fill*         0x2000001c        0x4 
 .data.impure_data
                0x20000020      0x428 d:/stm32_clion_tool/gcc-arm-none-eabi-10.3-2021.10-win32/gcc-arm-none-eabi-10.3-2021.10/bin/../lib/gcc/arm-none-eabi/10.3.1/../../../../arm-none-eabi/lib/thumb/v7-m/nofp\libg.a(lib_a-impure.o)
 .data.__atexit_recursive_mutex
                0x20000448        0x4 d:/stm32_clion_tool/gcc-arm-none-eabi-10.3-2021.10-win32/gcc-arm-none-eabi-10.3-2021.10/bin/../lib/gcc/arm-none-eabi/10.3.1/../../../../arm-none-eabi/lib/thumb/v7-m/nofp\libg.a(lib_a-__call_atexit.o)
                0x20000448                __atexit_recursive_mutex
 *(.RamFunc)
 *(.RamFunc*)
                0x2000044c                . = ALIGN (0x4)
                0x2000044c                _edata = .

.igot.plt       0x2000044c        0x0 load address 0x080028c0
 .igot.plt      0x2000044c        0x0 d:/stm32_clion_tool/gcc-arm-none-eabi-10.3-2021.10-win32/gcc-arm-none-eabi-10.3-2021.10/bin/../lib/gcc/arm-none-eabi/10.3.1/thumb/v7-m/nofp/crtbegin.o
                0x2000044c                . = ALIGN (0x4)

.bss            0x2000044c      0x17c load address 0x080028c0
                0x2000044c                _sbss = .
                0x2000044c                __bss_start__ = _sbss
 *(.bss)
 .bss           0x2000044c       0x1c d:/stm32_clion_tool/gcc-arm-none-eabi-10.3-2021.10-win32/gcc-arm-none-eabi-10.3-2021.10/bin/../lib/gcc/arm-none-eabi/10.3.1/thumb/v7-m/nofp/crtbegin.o
 *(.bss*)
 .bss.counter   0x20000468        0x2 CMakeFiles/by2.0.elf.dir/Core/Src/main.c.obj
                0x20000468                counter
 .bss.digcom    0x2000046a        0x1 CMakeFiles/by2.0.elf.dir/Core/Src/main.c.obj
                0x2000046a                digcom
 *fill*         0x2000046b        0x1 
 .bss.rx_data   0x2000046c        0x1 CMakeFiles/by2.0.elf.dir/Core/Src/main.c.obj
                0x2000046c                rx_data
 *fill*         0x2000046d        0x3 
 .bss.trafficLight_1
                0x20000470        0xc CMakeFiles/by2.0.elf.dir/Core/Src/main.c.obj
                0x20000470                trafficLight_1
 .bss.trafficLight_2
                0x2000047c        0xc CMakeFiles/by2.0.elf.dir/Core/Src/main.c.obj
                0x2000047c                trafficLight_2
 .bss.trafficLight_3
                0x20000488        0xc CMakeFiles/by2.0.elf.dir/Core/Src/main.c.obj
                0x20000488                trafficLight_3
 .bss.trafficLight_4
                0x20000494        0xc CMakeFiles/by2.0.elf.dir/Core/Src/main.c.obj
                0x20000494                trafficLight_4
 .bss.uart_counter
                0x200004a0        0x2 CMakeFiles/by2.0.elf.dir/Core/Src/main.c.obj
                0x200004a0                uart_counter
 *fill*         0x200004a2        0x2 
 .bss.htim2     0x200004a4       0x48 CMakeFiles/by2.0.elf.dir/Core/Src/tim.c.obj
                0x200004a4                htim2
 .bss.htim3     0x200004ec       0x48 CMakeFiles/by2.0.elf.dir/Core/Src/tim.c.obj
                0x200004ec                htim3
 .bss.htim4     0x20000534       0x48 CMakeFiles/by2.0.elf.dir/Core/Src/tim.c.obj
                0x20000534                htim4
 .bss.huart1    0x2000057c       0x44 CMakeFiles/by2.0.elf.dir/Core/Src/usart.c.obj
                0x2000057c                huart1
 .bss.uwTick    0x200005c0        0x4 CMakeFiles/by2.0.elf.dir/Drivers/STM32F1xx_HAL_Driver/Src/stm32f1xx_hal.c.obj
                0x200005c0                uwTick
 .bss.__lock___atexit_recursive_mutex
                0x200005c4        0x1 d:/stm32_clion_tool/gcc-arm-none-eabi-10.3-2021.10-win32/gcc-arm-none-eabi-10.3-2021.10/bin/../lib/gcc/arm-none-eabi/10.3.1/../../../../arm-none-eabi/lib/thumb/v7-m/nofp\libg.a(lib_a-lock.o)
                0x200005c4                __lock___atexit_recursive_mutex
 *(COMMON)
                0x200005c8                . = ALIGN (0x4)
 *fill*         0x200005c5        0x3 
                0x200005c8                _ebss = .
                0x200005c8                __bss_end__ = _ebss

._user_heap_stack
                0x200005c8      0x600 load address 0x080028c0
                0x200005c8                . = ALIGN (0x8)
                [!provide]                PROVIDE (end = .)
                0x200005c8                PROVIDE (_end = .)
                0x200007c8                . = (. + _Min_Heap_Size)
 *fill*         0x200005c8      0x200 
                0x20000bc8                . = (. + _Min_Stack_Size)
 *fill*         0x200007c8      0x400 
                0x20000bc8                . = ALIGN (0x8)

/DISCARD/
 libc.a(*)
 libm.a(*)
 libgcc.a(*)

.ARM.attributes
                0x00000000       0x29
 *(.ARM.attributes)
 .ARM.attributes
                0x00000000       0x1d d:/stm32_clion_tool/gcc-arm-none-eabi-10.3-2021.10-win32/gcc-arm-none-eabi-10.3-2021.10/bin/../lib/gcc/arm-none-eabi/10.3.1/thumb/v7-m/nofp/crti.o
 .ARM.attributes
                0x0000001d       0x2d d:/stm32_clion_tool/gcc-arm-none-eabi-10.3-2021.10-win32/gcc-arm-none-eabi-10.3-2021.10/bin/../lib/gcc/arm-none-eabi/10.3.1/thumb/v7-m/nofp/crtbegin.o
 .ARM.attributes
                0x0000004a       0x2d CMakeFiles/by2.0.elf.dir/Core/Src/gpio.c.obj
 .ARM.attributes
                0x00000077       0x2d CMakeFiles/by2.0.elf.dir/Core/Src/main.c.obj
 .ARM.attributes
                0x000000a4       0x2d CMakeFiles/by2.0.elf.dir/Core/Src/stm32f1xx_hal_msp.c.obj
 .ARM.attributes
                0x000000d1       0x2d CMakeFiles/by2.0.elf.dir/Core/Src/stm32f1xx_it.c.obj
 .ARM.attributes
                0x000000fe       0x2d CMakeFiles/by2.0.elf.dir/Core/Src/system_stm32f1xx.c.obj
 .ARM.attributes
                0x0000012b       0x2d CMakeFiles/by2.0.elf.dir/Core/Src/tim.c.obj
 .ARM.attributes
                0x00000158       0x2d CMakeFiles/by2.0.elf.dir/Core/Src/usart.c.obj
 .ARM.attributes
                0x00000185       0x21 CMakeFiles/by2.0.elf.dir/Core/Startup/startup_stm32f103c8tx.s.obj
 .ARM.attributes
                0x000001a6       0x2d CMakeFiles/by2.0.elf.dir/Drivers/STM32F1xx_HAL_Driver/Src/stm32f1xx_hal.c.obj
 .ARM.attributes
                0x000001d3       0x2d CMakeFiles/by2.0.elf.dir/Drivers/STM32F1xx_HAL_Driver/Src/stm32f1xx_hal_cortex.c.obj
 .ARM.attributes
                0x00000200       0x2d CMakeFiles/by2.0.elf.dir/Drivers/STM32F1xx_HAL_Driver/Src/stm32f1xx_hal_dma.c.obj
 .ARM.attributes
                0x0000022d       0x2d CMakeFiles/by2.0.elf.dir/Drivers/STM32F1xx_HAL_Driver/Src/stm32f1xx_hal_gpio.c.obj
 .ARM.attributes
                0x0000025a       0x2d CMakeFiles/by2.0.elf.dir/Drivers/STM32F1xx_HAL_Driver/Src/stm32f1xx_hal_rcc.c.obj
 .ARM.attributes
                0x00000287       0x2d CMakeFiles/by2.0.elf.dir/Drivers/STM32F1xx_HAL_Driver/Src/stm32f1xx_hal_tim.c.obj
 .ARM.attributes
                0x000002b4       0x2d CMakeFiles/by2.0.elf.dir/Drivers/STM32F1xx_HAL_Driver/Src/stm32f1xx_hal_tim_ex.c.obj
 .ARM.attributes
                0x000002e1       0x2d CMakeFiles/by2.0.elf.dir/Drivers/STM32F1xx_HAL_Driver/Src/stm32f1xx_hal_uart.c.obj
 .ARM.attributes
                0x0000030e       0x2d CMakeFiles/by2.0.elf.dir/User/Led/Led.c.obj
 .ARM.attributes
                0x0000033b       0x2d d:/stm32_clion_tool/gcc-arm-none-eabi-10.3-2021.10-win32/gcc-arm-none-eabi-10.3-2021.10/bin/../lib/gcc/arm-none-eabi/10.3.1/../../../../arm-none-eabi/lib/thumb/v7-m/nofp\libg.a(lib_a-impure.o)
 .ARM.attributes
                0x00000368       0x2d d:/stm32_clion_tool/gcc-arm-none-eabi-10.3-2021.10-win32/gcc-arm-none-eabi-10.3-2021.10/bin/../lib/gcc/arm-none-eabi/10.3.1/../../../../arm-none-eabi/lib/thumb/v7-m/nofp\libg.a(lib_a-init.o)
 .ARM.attributes
                0x00000395       0x2d d:/stm32_clion_tool/gcc-arm-none-eabi-10.3-2021.10-win32/gcc-arm-none-eabi-10.3-2021.10/bin/../lib/gcc/arm-none-eabi/10.3.1/../../../../arm-none-eabi/lib/thumb/v7-m/nofp\libg.a(lib_a-memset.o)
 .ARM.attributes
                0x000003c2       0x2d d:/stm32_clion_tool/gcc-arm-none-eabi-10.3-2021.10-win32/gcc-arm-none-eabi-10.3-2021.10/bin/../lib/gcc/arm-none-eabi/10.3.1/../../../../arm-none-eabi/lib/thumb/v7-m/nofp\libg.a(lib_a-__call_atexit.o)
 .ARM.attributes
                0x000003ef       0x2d d:/stm32_clion_tool/gcc-arm-none-eabi-10.3-2021.10-win32/gcc-arm-none-eabi-10.3-2021.10/bin/../lib/gcc/arm-none-eabi/10.3.1/../../../../arm-none-eabi/lib/thumb/v7-m/nofp\libg.a(lib_a-atexit.o)
 .ARM.attributes
                0x0000041c       0x2d d:/stm32_clion_tool/gcc-arm-none-eabi-10.3-2021.10-win32/gcc-arm-none-eabi-10.3-2021.10/bin/../lib/gcc/arm-none-eabi/10.3.1/../../../../arm-none-eabi/lib/thumb/v7-m/nofp\libg.a(lib_a-fini.o)
 .ARM.attributes
                0x00000449       0x2d d:/stm32_clion_tool/gcc-arm-none-eabi-10.3-2021.10-win32/gcc-arm-none-eabi-10.3-2021.10/bin/../lib/gcc/arm-none-eabi/10.3.1/../../../../arm-none-eabi/lib/thumb/v7-m/nofp\libg.a(lib_a-lock.o)
 .ARM.attributes
                0x00000476       0x2d d:/stm32_clion_tool/gcc-arm-none-eabi-10.3-2021.10-win32/gcc-arm-none-eabi-10.3-2021.10/bin/../lib/gcc/arm-none-eabi/10.3.1/../../../../arm-none-eabi/lib/thumb/v7-m/nofp\libg.a(lib_a-__atexit.o)
 .ARM.attributes
                0x000004a3       0x1d d:/stm32_clion_tool/gcc-arm-none-eabi-10.3-2021.10-win32/gcc-arm-none-eabi-10.3-2021.10/bin/../lib/gcc/arm-none-eabi/10.3.1/thumb/v7-m/nofp/crtn.o
OUTPUT(by2.0.elf elf32-littlearm)
LOAD linker stubs
LOAD d:/stm32_clion_tool/gcc-arm-none-eabi-10.3-2021.10-win32/gcc-arm-none-eabi-10.3-2021.10/bin/../lib/gcc/arm-none-eabi/10.3.1/../../../../arm-none-eabi/lib/thumb/v7-m/nofp\libc.a
LOAD d:/stm32_clion_tool/gcc-arm-none-eabi-10.3-2021.10-win32/gcc-arm-none-eabi-10.3-2021.10/bin/../lib/gcc/arm-none-eabi/10.3.1/../../../../arm-none-eabi/lib/thumb/v7-m/nofp\libm.a
LOAD d:/stm32_clion_tool/gcc-arm-none-eabi-10.3-2021.10-win32/gcc-arm-none-eabi-10.3-2021.10/bin/../lib/gcc/arm-none-eabi/10.3.1/thumb/v7-m/nofp\libgcc.a

.debug_info     0x00000000     0xe038
 .debug_info    0x00000000      0x412 CMakeFiles/by2.0.elf.dir/Core/Src/gpio.c.obj
 .debug_info    0x00000412     0x1172 CMakeFiles/by2.0.elf.dir/Core/Src/main.c.obj
 .debug_info    0x00001584      0x211 CMakeFiles/by2.0.elf.dir/Core/Src/stm32f1xx_hal_msp.c.obj
 .debug_info    0x00001795      0x9f3 CMakeFiles/by2.0.elf.dir/Core/Src/stm32f1xx_it.c.obj
 .debug_info    0x00002188      0x248 CMakeFiles/by2.0.elf.dir/Core/Src/system_stm32f1xx.c.obj
 .debug_info    0x000023d0      0xc8d CMakeFiles/by2.0.elf.dir/Core/Src/tim.c.obj
 .debug_info    0x0000305d      0x9dd CMakeFiles/by2.0.elf.dir/Core/Src/usart.c.obj
 .debug_info    0x00003a3a       0x22 CMakeFiles/by2.0.elf.dir/Core/Startup/startup_stm32f103c8tx.s.obj
 .debug_info    0x00003a5c      0x7a8 CMakeFiles/by2.0.elf.dir/Drivers/STM32F1xx_HAL_Driver/Src/stm32f1xx_hal.c.obj
 .debug_info    0x00004204      0xd8a CMakeFiles/by2.0.elf.dir/Drivers/STM32F1xx_HAL_Driver/Src/stm32f1xx_hal_cortex.c.obj
 .debug_info    0x00004f8e      0x846 CMakeFiles/by2.0.elf.dir/Drivers/STM32F1xx_HAL_Driver/Src/stm32f1xx_hal_dma.c.obj
 .debug_info    0x000057d4      0x66f CMakeFiles/by2.0.elf.dir/Drivers/STM32F1xx_HAL_Driver/Src/stm32f1xx_hal_gpio.c.obj
 .debug_info    0x00005e43      0xa36 CMakeFiles/by2.0.elf.dir/Drivers/STM32F1xx_HAL_Driver/Src/stm32f1xx_hal_rcc.c.obj
 .debug_info    0x00006879     0x3b00 CMakeFiles/by2.0.elf.dir/Drivers/STM32F1xx_HAL_Driver/Src/stm32f1xx_hal_tim.c.obj
 .debug_info    0x0000a379     0x19e9 CMakeFiles/by2.0.elf.dir/Drivers/STM32F1xx_HAL_Driver/Src/stm32f1xx_hal_tim_ex.c.obj
 .debug_info    0x0000bd62     0x1c8b CMakeFiles/by2.0.elf.dir/Drivers/STM32F1xx_HAL_Driver/Src/stm32f1xx_hal_uart.c.obj
 .debug_info    0x0000d9ed      0x64b CMakeFiles/by2.0.elf.dir/User/Led/Led.c.obj

.debug_abbrev   0x00000000     0x1e6b
 .debug_abbrev  0x00000000      0x13c CMakeFiles/by2.0.elf.dir/Core/Src/gpio.c.obj
 .debug_abbrev  0x0000013c      0x26e CMakeFiles/by2.0.elf.dir/Core/Src/main.c.obj
 .debug_abbrev  0x000003aa       0xe5 CMakeFiles/by2.0.elf.dir/Core/Src/stm32f1xx_hal_msp.c.obj
 .debug_abbrev  0x0000048f      0x179 CMakeFiles/by2.0.elf.dir/Core/Src/stm32f1xx_it.c.obj
 .debug_abbrev  0x00000608      0x13e CMakeFiles/by2.0.elf.dir/Core/Src/system_stm32f1xx.c.obj
 .debug_abbrev  0x00000746      0x1de CMakeFiles/by2.0.elf.dir/Core/Src/tim.c.obj
 .debug_abbrev  0x00000924      0x1ca CMakeFiles/by2.0.elf.dir/Core/Src/usart.c.obj
 .debug_abbrev  0x00000aee       0x12 CMakeFiles/by2.0.elf.dir/Core/Startup/startup_stm32f103c8tx.s.obj
 .debug_abbrev  0x00000b00      0x1f4 CMakeFiles/by2.0.elf.dir/Drivers/STM32F1xx_HAL_Driver/Src/stm32f1xx_hal.c.obj
 .debug_abbrev  0x00000cf4      0x341 CMakeFiles/by2.0.elf.dir/Drivers/STM32F1xx_HAL_Driver/Src/stm32f1xx_hal_cortex.c.obj
 .debug_abbrev  0x00001035      0x223 CMakeFiles/by2.0.elf.dir/Drivers/STM32F1xx_HAL_Driver/Src/stm32f1xx_hal_dma.c.obj
 .debug_abbrev  0x00001258      0x1e6 CMakeFiles/by2.0.elf.dir/Drivers/STM32F1xx_HAL_Driver/Src/stm32f1xx_hal_gpio.c.obj
 .debug_abbrev  0x0000143e      0x27a CMakeFiles/by2.0.elf.dir/Drivers/STM32F1xx_HAL_Driver/Src/stm32f1xx_hal_rcc.c.obj
 .debug_abbrev  0x000016b8      0x23e CMakeFiles/by2.0.elf.dir/Drivers/STM32F1xx_HAL_Driver/Src/stm32f1xx_hal_tim.c.obj
 .debug_abbrev  0x000018f6      0x241 CMakeFiles/by2.0.elf.dir/Drivers/STM32F1xx_HAL_Driver/Src/stm32f1xx_hal_tim_ex.c.obj
 .debug_abbrev  0x00001b37      0x254 CMakeFiles/by2.0.elf.dir/Drivers/STM32F1xx_HAL_Driver/Src/stm32f1xx_hal_uart.c.obj
 .debug_abbrev  0x00001d8b       0xe0 CMakeFiles/by2.0.elf.dir/User/Led/Led.c.obj

.debug_aranges  0x00000000      0xcc0
 .debug_aranges
                0x00000000       0x20 CMakeFiles/by2.0.elf.dir/Core/Src/gpio.c.obj
 .debug_aranges
                0x00000020       0x58 CMakeFiles/by2.0.elf.dir/Core/Src/main.c.obj
 .debug_aranges
                0x00000078       0x20 CMakeFiles/by2.0.elf.dir/Core/Src/stm32f1xx_hal_msp.c.obj
 .debug_aranges
                0x00000098       0x80 CMakeFiles/by2.0.elf.dir/Core/Src/stm32f1xx_it.c.obj
 .debug_aranges
                0x00000118       0x28 CMakeFiles/by2.0.elf.dir/Core/Src/system_stm32f1xx.c.obj
 .debug_aranges
                0x00000140       0x40 CMakeFiles/by2.0.elf.dir/Core/Src/tim.c.obj
 .debug_aranges
                0x00000180       0x30 CMakeFiles/by2.0.elf.dir/Core/Src/usart.c.obj
 .debug_aranges
                0x000001b0       0x28 CMakeFiles/by2.0.elf.dir/Core/Startup/startup_stm32f103c8tx.s.obj
 .debug_aranges
                0x000001d8       0xe0 CMakeFiles/by2.0.elf.dir/Drivers/STM32F1xx_HAL_Driver/Src/stm32f1xx_hal.c.obj
 .debug_aranges
                0x000002b8       0x90 CMakeFiles/by2.0.elf.dir/Drivers/STM32F1xx_HAL_Driver/Src/stm32f1xx_hal_cortex.c.obj
 .debug_aranges
                0x00000348       0x80 CMakeFiles/by2.0.elf.dir/Drivers/STM32F1xx_HAL_Driver/Src/stm32f1xx_hal_dma.c.obj
 .debug_aranges
                0x000003c8       0x58 CMakeFiles/by2.0.elf.dir/Drivers/STM32F1xx_HAL_Driver/Src/stm32f1xx_hal_gpio.c.obj
 .debug_aranges
                0x00000420       0x90 CMakeFiles/by2.0.elf.dir/Drivers/STM32F1xx_HAL_Driver/Src/stm32f1xx_hal_rcc.c.obj
 .debug_aranges
                0x000004b0      0x3d0 CMakeFiles/by2.0.elf.dir/Drivers/STM32F1xx_HAL_Driver/Src/stm32f1xx_hal_tim.c.obj
 .debug_aranges
                0x00000880      0x168 CMakeFiles/by2.0.elf.dir/Drivers/STM32F1xx_HAL_Driver/Src/stm32f1xx_hal_tim_ex.c.obj
 .debug_aranges
                0x000009e8      0x200 CMakeFiles/by2.0.elf.dir/Drivers/STM32F1xx_HAL_Driver/Src/stm32f1xx_hal_uart.c.obj
 .debug_aranges
                0x00000be8       0xd8 CMakeFiles/by2.0.elf.dir/User/Led/Led.c.obj

.debug_ranges   0x00000000      0xc38
 .debug_ranges  0x00000000       0x10 CMakeFiles/by2.0.elf.dir/Core/Src/gpio.c.obj
 .debug_ranges  0x00000010       0x48 CMakeFiles/by2.0.elf.dir/Core/Src/main.c.obj
 .debug_ranges  0x00000058       0x10 CMakeFiles/by2.0.elf.dir/Core/Src/stm32f1xx_hal_msp.c.obj
 .debug_ranges  0x00000068       0x70 CMakeFiles/by2.0.elf.dir/Core/Src/stm32f1xx_it.c.obj
 .debug_ranges  0x000000d8       0x18 CMakeFiles/by2.0.elf.dir/Core/Src/system_stm32f1xx.c.obj
 .debug_ranges  0x000000f0       0x30 CMakeFiles/by2.0.elf.dir/Core/Src/tim.c.obj
 .debug_ranges  0x00000120       0x20 CMakeFiles/by2.0.elf.dir/Core/Src/usart.c.obj
 .debug_ranges  0x00000140       0x20 CMakeFiles/by2.0.elf.dir/Core/Startup/startup_stm32f103c8tx.s.obj
 .debug_ranges  0x00000160       0xd0 CMakeFiles/by2.0.elf.dir/Drivers/STM32F1xx_HAL_Driver/Src/stm32f1xx_hal.c.obj
 .debug_ranges  0x00000230       0xe0 CMakeFiles/by2.0.elf.dir/Drivers/STM32F1xx_HAL_Driver/Src/stm32f1xx_hal_cortex.c.obj
 .debug_ranges  0x00000310       0x70 CMakeFiles/by2.0.elf.dir/Drivers/STM32F1xx_HAL_Driver/Src/stm32f1xx_hal_dma.c.obj
 .debug_ranges  0x00000380       0x48 CMakeFiles/by2.0.elf.dir/Drivers/STM32F1xx_HAL_Driver/Src/stm32f1xx_hal_gpio.c.obj
 .debug_ranges  0x000003c8       0xa0 CMakeFiles/by2.0.elf.dir/Drivers/STM32F1xx_HAL_Driver/Src/stm32f1xx_hal_rcc.c.obj
 .debug_ranges  0x00000468      0x3c0 CMakeFiles/by2.0.elf.dir/Drivers/STM32F1xx_HAL_Driver/Src/stm32f1xx_hal_tim.c.obj
 .debug_ranges  0x00000828      0x158 CMakeFiles/by2.0.elf.dir/Drivers/STM32F1xx_HAL_Driver/Src/stm32f1xx_hal_tim_ex.c.obj
 .debug_ranges  0x00000980      0x1f0 CMakeFiles/by2.0.elf.dir/Drivers/STM32F1xx_HAL_Driver/Src/stm32f1xx_hal_uart.c.obj
 .debug_ranges  0x00000b70       0xc8 CMakeFiles/by2.0.elf.dir/User/Led/Led.c.obj

.debug_line     0x00000000     0xced9
 .debug_line    0x00000000      0x2eb CMakeFiles/by2.0.elf.dir/Core/Src/gpio.c.obj
 .debug_line    0x000002eb      0x8cc CMakeFiles/by2.0.elf.dir/Core/Src/main.c.obj
 .debug_line    0x00000bb7      0x1d2 CMakeFiles/by2.0.elf.dir/Core/Src/stm32f1xx_hal_msp.c.obj
 .debug_line    0x00000d89      0x3b8 CMakeFiles/by2.0.elf.dir/Core/Src/stm32f1xx_it.c.obj
 .debug_line    0x00001141      0x29c CMakeFiles/by2.0.elf.dir/Core/Src/system_stm32f1xx.c.obj
 .debug_line    0x000013dd      0x4fb CMakeFiles/by2.0.elf.dir/Core/Src/tim.c.obj
 .debug_line    0x000018d8      0x392 CMakeFiles/by2.0.elf.dir/Core/Src/usart.c.obj
 .debug_line    0x00001c6a       0x98 CMakeFiles/by2.0.elf.dir/Core/Startup/startup_stm32f103c8tx.s.obj
 .debug_line    0x00001d02      0x5ac CMakeFiles/by2.0.elf.dir/Drivers/STM32F1xx_HAL_Driver/Src/stm32f1xx_hal.c.obj
 .debug_line    0x000022ae      0x6a3 CMakeFiles/by2.0.elf.dir/Drivers/STM32F1xx_HAL_Driver/Src/stm32f1xx_hal_cortex.c.obj
 .debug_line    0x00002951      0xabd CMakeFiles/by2.0.elf.dir/Drivers/STM32F1xx_HAL_Driver/Src/stm32f1xx_hal_dma.c.obj
 .debug_line    0x0000340e      0x64d CMakeFiles/by2.0.elf.dir/Drivers/STM32F1xx_HAL_Driver/Src/stm32f1xx_hal_gpio.c.obj
 .debug_line    0x00003a5b      0xc96 CMakeFiles/by2.0.elf.dir/Drivers/STM32F1xx_HAL_Driver/Src/stm32f1xx_hal_rcc.c.obj
 .debug_line    0x000046f1     0x46c8 CMakeFiles/by2.0.elf.dir/Drivers/STM32F1xx_HAL_Driver/Src/stm32f1xx_hal_tim.c.obj
 .debug_line    0x00008db9     0x1bc8 CMakeFiles/by2.0.elf.dir/Drivers/STM32F1xx_HAL_Driver/Src/stm32f1xx_hal_tim_ex.c.obj
 .debug_line    0x0000a981     0x2125 CMakeFiles/by2.0.elf.dir/Drivers/STM32F1xx_HAL_Driver/Src/stm32f1xx_hal_uart.c.obj
 .debug_line    0x0000caa6      0x433 CMakeFiles/by2.0.elf.dir/User/Led/Led.c.obj

.debug_str      0x00000000     0x3960
 .debug_str     0x00000000      0x252 CMakeFiles/by2.0.elf.dir/Core/Src/gpio.c.obj
                                0x29d (size before relaxing)
 .debug_str     0x00000252      0xa71 CMakeFiles/by2.0.elf.dir/Core/Src/main.c.obj
                                0xd00 (size before relaxing)
 .debug_str     0x00000cc3       0x6b CMakeFiles/by2.0.elf.dir/Core/Src/stm32f1xx_hal_msp.c.obj
                                0x23f (size before relaxing)
 .debug_str     0x00000d2e      0x131 CMakeFiles/by2.0.elf.dir/Core/Src/stm32f1xx_it.c.obj
                                0x987 (size before relaxing)
 .debug_str     0x00000e5f       0x8f CMakeFiles/by2.0.elf.dir/Core/Src/system_stm32f1xx.c.obj
                                0x274 (size before relaxing)
 .debug_str     0x00000eee      0x45e CMakeFiles/by2.0.elf.dir/Core/Src/tim.c.obj
                                0xb5f (size before relaxing)
 .debug_str     0x0000134c       0x72 CMakeFiles/by2.0.elf.dir/Core/Src/usart.c.obj
                                0x9c9 (size before relaxing)
 .debug_str     0x000013be       0x47 CMakeFiles/by2.0.elf.dir/Core/Startup/startup_stm32f103c8tx.s.obj
                                 0x6d (size before relaxing)
 .debug_str     0x00001405      0x31f CMakeFiles/by2.0.elf.dir/Drivers/STM32F1xx_HAL_Driver/Src/stm32f1xx_hal.c.obj
                                0x844 (size before relaxing)
 .debug_str     0x00001724      0x3af CMakeFiles/by2.0.elf.dir/Drivers/STM32F1xx_HAL_Driver/Src/stm32f1xx_hal_cortex.c.obj
                                0x8f3 (size before relaxing)
 .debug_str     0x00001ad3      0x250 CMakeFiles/by2.0.elf.dir/Drivers/STM32F1xx_HAL_Driver/Src/stm32f1xx_hal_dma.c.obj
                                0x61d (size before relaxing)
 .debug_str     0x00001d23      0x126 CMakeFiles/by2.0.elf.dir/Drivers/STM32F1xx_HAL_Driver/Src/stm32f1xx_hal_gpio.c.obj
                                0x420 (size before relaxing)
 .debug_str     0x00001e49      0x205 CMakeFiles/by2.0.elf.dir/Drivers/STM32F1xx_HAL_Driver/Src/stm32f1xx_hal_rcc.c.obj
                                0x64b (size before relaxing)
 .debug_str     0x0000204e      0xe1f CMakeFiles/by2.0.elf.dir/Drivers/STM32F1xx_HAL_Driver/Src/stm32f1xx_hal_tim.c.obj
                               0x1658 (size before relaxing)
 .debug_str     0x00002e6d      0x535 CMakeFiles/by2.0.elf.dir/Drivers/STM32F1xx_HAL_Driver/Src/stm32f1xx_hal_tim_ex.c.obj
                                0xe59 (size before relaxing)
 .debug_str     0x000033a2      0x59b CMakeFiles/by2.0.elf.dir/Drivers/STM32F1xx_HAL_Driver/Src/stm32f1xx_hal_uart.c.obj
                                0xcae (size before relaxing)
 .debug_str     0x0000393d       0x23 CMakeFiles/by2.0.elf.dir/User/Led/Led.c.obj
                                0x2a6 (size before relaxing)

.comment        0x00000000       0x49
 .comment       0x00000000       0x49 CMakeFiles/by2.0.elf.dir/Core/Src/gpio.c.obj
                                 0x4a (size before relaxing)
 .comment       0x00000049       0x4a CMakeFiles/by2.0.elf.dir/Core/Src/main.c.obj
 .comment       0x00000049       0x4a CMakeFiles/by2.0.elf.dir/Core/Src/stm32f1xx_hal_msp.c.obj
 .comment       0x00000049       0x4a CMakeFiles/by2.0.elf.dir/Core/Src/stm32f1xx_it.c.obj
 .comment       0x00000049       0x4a CMakeFiles/by2.0.elf.dir/Core/Src/system_stm32f1xx.c.obj
 .comment       0x00000049       0x4a CMakeFiles/by2.0.elf.dir/Core/Src/tim.c.obj
 .comment       0x00000049       0x4a CMakeFiles/by2.0.elf.dir/Core/Src/usart.c.obj
 .comment       0x00000049       0x4a CMakeFiles/by2.0.elf.dir/Drivers/STM32F1xx_HAL_Driver/Src/stm32f1xx_hal.c.obj
 .comment       0x00000049       0x4a CMakeFiles/by2.0.elf.dir/Drivers/STM32F1xx_HAL_Driver/Src/stm32f1xx_hal_cortex.c.obj
 .comment       0x00000049       0x4a CMakeFiles/by2.0.elf.dir/Drivers/STM32F1xx_HAL_Driver/Src/stm32f1xx_hal_dma.c.obj
 .comment       0x00000049       0x4a CMakeFiles/by2.0.elf.dir/Drivers/STM32F1xx_HAL_Driver/Src/stm32f1xx_hal_gpio.c.obj
 .comment       0x00000049       0x4a CMakeFiles/by2.0.elf.dir/Drivers/STM32F1xx_HAL_Driver/Src/stm32f1xx_hal_rcc.c.obj
 .comment       0x00000049       0x4a CMakeFiles/by2.0.elf.dir/Drivers/STM32F1xx_HAL_Driver/Src/stm32f1xx_hal_tim.c.obj
 .comment       0x00000049       0x4a CMakeFiles/by2.0.elf.dir/Drivers/STM32F1xx_HAL_Driver/Src/stm32f1xx_hal_tim_ex.c.obj
 .comment       0x00000049       0x4a CMakeFiles/by2.0.elf.dir/Drivers/STM32F1xx_HAL_Driver/Src/stm32f1xx_hal_uart.c.obj
 .comment       0x00000049       0x4a CMakeFiles/by2.0.elf.dir/User/Led/Led.c.obj

.debug_frame    0x00000000     0x2334
 .debug_frame   0x00000000       0x38 CMakeFiles/by2.0.elf.dir/Core/Src/gpio.c.obj
 .debug_frame   0x00000038       0xd0 CMakeFiles/by2.0.elf.dir/Core/Src/main.c.obj
 .debug_frame   0x00000108       0x28 CMakeFiles/by2.0.elf.dir/Core/Src/stm32f1xx_hal_msp.c.obj
 .debug_frame   0x00000130      0x108 CMakeFiles/by2.0.elf.dir/Core/Src/stm32f1xx_it.c.obj
 .debug_frame   0x00000238       0x30 CMakeFiles/by2.0.elf.dir/Core/Src/system_stm32f1xx.c.obj
 .debug_frame   0x00000268       0xa8 CMakeFiles/by2.0.elf.dir/Core/Src/tim.c.obj
 .debug_frame   0x00000310       0x64 CMakeFiles/by2.0.elf.dir/Core/Src/usart.c.obj
 .debug_frame   0x00000374      0x1cc CMakeFiles/by2.0.elf.dir/Drivers/STM32F1xx_HAL_Driver/Src/stm32f1xx_hal.c.obj
 .debug_frame   0x00000540      0x118 CMakeFiles/by2.0.elf.dir/Drivers/STM32F1xx_HAL_Driver/Src/stm32f1xx_hal_cortex.c.obj
 .debug_frame   0x00000658      0x144 CMakeFiles/by2.0.elf.dir/Drivers/STM32F1xx_HAL_Driver/Src/stm32f1xx_hal_dma.c.obj
 .debug_frame   0x0000079c       0xe4 CMakeFiles/by2.0.elf.dir/Drivers/STM32F1xx_HAL_Driver/Src/stm32f1xx_hal_gpio.c.obj
 .debug_frame   0x00000880      0x190 CMakeFiles/by2.0.elf.dir/Drivers/STM32F1xx_HAL_Driver/Src/stm32f1xx_hal_rcc.c.obj
 .debug_frame   0x00000a10      0xb18 CMakeFiles/by2.0.elf.dir/Drivers/STM32F1xx_HAL_Driver/Src/stm32f1xx_hal_tim.c.obj
 .debug_frame   0x00001528      0x40c CMakeFiles/by2.0.elf.dir/Drivers/STM32F1xx_HAL_Driver/Src/stm32f1xx_hal_tim_ex.c.obj
 .debug_frame   0x00001934      0x5c4 CMakeFiles/by2.0.elf.dir/Drivers/STM32F1xx_HAL_Driver/Src/stm32f1xx_hal_uart.c.obj
 .debug_frame   0x00001ef8      0x250 CMakeFiles/by2.0.elf.dir/User/Led/Led.c.obj
 .debug_frame   0x00002148       0x2c d:/stm32_clion_tool/gcc-arm-none-eabi-10.3-2021.10-win32/gcc-arm-none-eabi-10.3-2021.10/bin/../lib/gcc/arm-none-eabi/10.3.1/../../../../arm-none-eabi/lib/thumb/v7-m/nofp\libg.a(lib_a-init.o)
 .debug_frame   0x00002174       0x2c d:/stm32_clion_tool/gcc-arm-none-eabi-10.3-2021.10-win32/gcc-arm-none-eabi-10.3-2021.10/bin/../lib/gcc/arm-none-eabi/10.3.1/../../../../arm-none-eabi/lib/thumb/v7-m/nofp\libg.a(lib_a-memset.o)
 .debug_frame   0x000021a0       0x5c d:/stm32_clion_tool/gcc-arm-none-eabi-10.3-2021.10-win32/gcc-arm-none-eabi-10.3-2021.10/bin/../lib/gcc/arm-none-eabi/10.3.1/../../../../arm-none-eabi/lib/thumb/v7-m/nofp\libg.a(lib_a-__call_atexit.o)
 .debug_frame   0x000021fc       0x20 d:/stm32_clion_tool/gcc-arm-none-eabi-10.3-2021.10-win32/gcc-arm-none-eabi-10.3-2021.10/bin/../lib/gcc/arm-none-eabi/10.3.1/../../../../arm-none-eabi/lib/thumb/v7-m/nofp\libg.a(lib_a-atexit.o)
 .debug_frame   0x0000221c       0x34 d:/stm32_clion_tool/gcc-arm-none-eabi-10.3-2021.10-win32/gcc-arm-none-eabi-10.3-2021.10/bin/../lib/gcc/arm-none-eabi/10.3.1/../../../../arm-none-eabi/lib/thumb/v7-m/nofp\libg.a(lib_a-fini.o)
 .debug_frame   0x00002250       0xb0 d:/stm32_clion_tool/gcc-arm-none-eabi-10.3-2021.10-win32/gcc-arm-none-eabi-10.3-2021.10/bin/../lib/gcc/arm-none-eabi/10.3.1/../../../../arm-none-eabi/lib/thumb/v7-m/nofp\libg.a(lib_a-lock.o)
 .debug_frame   0x00002300       0x34 d:/stm32_clion_tool/gcc-arm-none-eabi-10.3-2021.10-win32/gcc-arm-none-eabi-10.3-2021.10/bin/../lib/gcc/arm-none-eabi/10.3.1/../../../../arm-none-eabi/lib/thumb/v7-m/nofp\libg.a(lib_a-__atexit.o)

.debug_loc      0x00000000     0xa05e
 .debug_loc     0x00000000       0x25 CMakeFiles/by2.0.elf.dir/Core/Src/main.c.obj
 .debug_loc     0x00000025       0x15 CMakeFiles/by2.0.elf.dir/Core/Src/stm32f1xx_hal_msp.c.obj
 .debug_loc     0x0000003a       0xff CMakeFiles/by2.0.elf.dir/Core/Src/system_stm32f1xx.c.obj
 .debug_loc     0x00000139       0xf8 CMakeFiles/by2.0.elf.dir/Core/Src/tim.c.obj
 .debug_loc     0x00000231       0x84 CMakeFiles/by2.0.elf.dir/Core/Src/usart.c.obj
 .debug_loc     0x000002b5      0x141 CMakeFiles/by2.0.elf.dir/Drivers/STM32F1xx_HAL_Driver/Src/stm32f1xx_hal.c.obj
 .debug_loc     0x000003f6      0x71f CMakeFiles/by2.0.elf.dir/Drivers/STM32F1xx_HAL_Driver/Src/stm32f1xx_hal_cortex.c.obj
 .debug_loc     0x00000b15      0x7d1 CMakeFiles/by2.0.elf.dir/Drivers/STM32F1xx_HAL_Driver/Src/stm32f1xx_hal_dma.c.obj
 .debug_loc     0x000012e6      0x47d CMakeFiles/by2.0.elf.dir/Drivers/STM32F1xx_HAL_Driver/Src/stm32f1xx_hal_gpio.c.obj
 .debug_loc     0x00001763      0x63e CMakeFiles/by2.0.elf.dir/Drivers/STM32F1xx_HAL_Driver/Src/stm32f1xx_hal_rcc.c.obj
 .debug_loc     0x00001da1     0x47a8 CMakeFiles/by2.0.elf.dir/Drivers/STM32F1xx_HAL_Driver/Src/stm32f1xx_hal_tim.c.obj
 .debug_loc     0x00006549     0x1ade CMakeFiles/by2.0.elf.dir/Drivers/STM32F1xx_HAL_Driver/Src/stm32f1xx_hal_tim_ex.c.obj
 .debug_loc     0x00008027     0x2037 CMakeFiles/by2.0.elf.dir/Drivers/STM32F1xx_HAL_Driver/Src/stm32f1xx_hal_uart.c.obj
